
> bbn-website@0.1.0 build
> next build

Γû▓ Next.js 16.1.6 (Turbopack)
- Environments: .env.local, .env

  Creating an optimized production build ...
node.exe : 
At line:1 char:1
+ & "C:\Program 
Files\nodejs/node.exe" 
"C:\Program 
Files\nodejs/node_mo ...
+ ~~~~~~~~~~~~~~~~~~~~~~~~~
~~~~~~~~~~~~~~~~~~~~~~~~~~~
~~~~~~~~~~~~~~~~~
    + CategoryInfo         
     : NotSpecified: (:St  
  ring) [], RemoteExcept   
 ion
    + FullyQualifiedErrorI 
   d : NativeCommandError
 
> Build error occurred
Error: Turbopack build 
failed with 1 errors:
./src/components/ui/sonner.
tsx:10:1
Module not found: Can't 
resolve 'next-themes'
[0m [90m  8 |[39m   [33
mTriangleAlertIcon[39m[33
m,[39m
 [90m  9 |[39m } 
[36mfrom[39m 
[32m"lucide-react"[39m
[31m[1m>[22m[39m[90m 
10 |[39m [36mimport[39m 
{ useTheme } 
[36mfrom[39m 
[32m"next-themes"[39m
 [90m    |[39m [31m[1m^
[22m[39m[31m[1m^[22m[
39m[31m[1m^[22m[39m[31
m[1m^[22m[39m[31m[1m^
[22m[39m[31m[1m^[22m[3
9m[31m[1m^[22m[39m[31m
[1m^[22m[39m[31m[1m^[
22m[39m[31m[1m^[22m[39
m[31m[1m^[22m[39m[31m
[1m^[22m[39m[31m[1m^[2
2m[39m[31m[1m^[22m[39m
[31m[1m^[22m[39m[31m[
1m^[22m[39m[31m[1m^[22
m[39m[31m[1m^[22m[39m
[31m[1m^[22m[39m[31m[1
m^[22m[39m[31m[1m^[22m
[39m[31m[1m^[22m[39m[
31m[1m^[22m[39m[31m[1m
^[22m[39m[31m[1m^[22m
[39m[31m[1m^[22m[39m[3
1m[1m^[22m[39m[31m[1m^
[22m[39m[31m[1m^[22m[
39m[31m[1m^[22m[39m[31
m[1m^[22m[39m[31m[1m^
[22m[39m[31m[1m^[22m[3
9m[31m[1m^[22m[39m[31m
[1m^[22m[39m[31m[1m^[
22m[39m[31m[1m^[22m[39
m[31m[1m^[22m[39m
 [90m 11 |[39m 
[36mimport[39m { 
[33mToaster[39m 
[36mas[39m [33mSonner[3
9m[33m,[39m type 
[33mToasterProps[39m } 
[36mfrom[39m 
[32m"sonner"[39m
 [90m 12 |[39m
 [90m 13 |[39m 
[36mconst[39m 
[33mToaster[39m 
[33m=[39m ({ 
[33m...[39mprops 
}[33m:[39m 
[33mToasterProps[39m) 
[33m=>[39m {[0m



Import trace:
  Server Component:
    ./src/components/ui/son
ner.tsx
    ./src/app/layout.tsx

https://nextjs.org/docs/mes
sages/module-not-found


    at <unknown> (./src/com
ponents/ui/sonner.tsx:10:1)
    at <unknown> (https://n
extjs.org/docs/messages/mod
ule-not-found)
